// Jest Snapshot v1, https://goo.gl/fbAQLP

exports[`App tests component matches snapshot 1`] = `
<div
  id="main"
>
  <div
    id="clock-background"
  />
  <div
    className="App"
  >
    <div
      id="volume-wrapper"
    >
      <audio
        autoPlay={true}
        id="player"
        src=""
      />
      <div>
        <div
          id="volume-icon"
          onClick={[Function]}
        >
          <i
            className="fa fa-volume-up"
          />
        </div>
        <input
          disabled={false}
          id="volume-slider"
          max="1"
          min="0"
          name="volume"
          onChange={[Function]}
          step={0.1}
          type="range"
          value={0.5}
        />
      </div>
    </div>
    <div
      className="hidden"
    >
      <ul>
        <li />
        <li />
        <li />
        <li />
        <li />
      </ul>
    </div>
    <div>
      <div
        className="time"
        id="time-countdown"
      >
        <b>
          00:00:00
        </b>
      </div>
      <div
        className="hidden"
        id="break-countdown"
      >
        <h3>
          Break time!
        </h3>
        <b>
          00:00:00
        </b>
      </div>
      <div
        className="hidden"
        id="repeat-txt"
      >
        <p
          className="small-text"
        >
          Laps remaining: 
          0
        </p>
      </div>
    </div>
    <div
      className=""
      title="Click settings below to set time"
    >
      <button
        className="timer-btn disabled-btn "
        disabled={true}
        id="start-btn"
        onClick={[Function]}
      >
        <i
          className="fa fa-play"
        />
          Start
      </button>
    </div>
    <div
      className="hidden"
      id="button-groups"
    >
      <button
        className="timer-btn "
        id="reset-btn"
        onClick={[Function]}
      >
        <i
          className="fa fa-times-circle-o"
        />
          Reset
      </button>
      <button
        className="timer-btn "
        id="pause-btn"
        onClick={[Function]}
      >
        <i
          className="fa fa-pause-circle-o"
        />
          Pause
      </button>
      <button
        className="timer-btn "
        id="restart-btn"
        onClick={[Function]}
      >
        <i
          className="fa fa-refresh"
        />
          Restart
      </button>
    </div>
    <div
      className=" overlay close"
      id="myNav"
    >
      <a
        className="closebtn"
        href="javascript:void(0)"
        onClick={[Function]}
      >
        ×
      </a>
      <div
        className="overlay-content"
      >
        <div
          className="option-div"
        >
          <div
            className="option-label"
          >
            Time: 
          </div>
          <div
            className="input-time"
          >
            <input
              className="hour"
              data-state="time"
              id="hour"
              maxLength={3}
              min="1"
              onChange={[Function]}
              placeholder="hh"
              type="number"
              value=""
            />
            <label
              className="dot-separator"
            >
              :
            </label>
            <input
              className="minute"
              data-state="time"
              maxLength={3}
              min="1"
              onChange={[Function]}
              placeholder="mm"
              type="number"
              value=""
            />
            <label
              className="dot-separator"
            >
              :
            </label>
            <input
              className="second"
              data-state="time"
              maxLength={3}
              min="1"
              onChange={[Function]}
              placeholder="ss"
              type="number"
              value=""
            />
          </div>
        </div>
        <div
          className="option-div"
        >
          <div
            className="option-label"
          >
            Breaks: 
          </div>
          <div
            className="input-time"
          >
            <input
              className="minuteBreak"
              data-state="timeBreak"
              maxLength={3}
              min="1"
              onChange={[Function]}
              placeholder="mm"
              type="number"
              value=""
            />
            <label
              className="dot-separator"
            >
              :
            </label>
            <input
              className="secondBreak"
              data-state="timeBreak"
              maxLength={3}
              min="1"
              onChange={[Function]}
              placeholder="ss"
              type="number"
              value=""
            />
          </div>
        </div>
        <div
          className="option-div"
        >
          <div
            className="option-label"
          >
            Repeats: 
          </div>
          <div
            className="input-time"
          >
            <input
              className="repeat tempRepeat"
              data-state="repeats"
              maxLength={3}
              min="1"
              onChange={[Function]}
              type="number"
              value=""
            />
          </div>
        </div>
      </div>
    </div>
    <div
      className=""
      data-testid="settings-btn"
      id="settings-btn"
      onClick={[Function]}
    >
      <i
        className="fa fa-gear"
      />
      Adjust Time
    </div>
  </div>
  <div
    id="footer"
  >
    Image by 
    <a
      className="footer-link"
      href="https://pixabay.com/users/moinzon-2433302/?utm_source=link-attribution&utm_medium=referral&utm_campaign=image&utm_content=1412683"
    >
      Michi S
    </a>
     from  
    <a
      className="footer-link"
      href="https://pixabay.com/?utm_source=link-attribution&utm_medium=referral&utm_campaign=image&utm_content=1412683"
    >
      Pixabay
    </a>
    <br />
    <br />
    See the project on 
    <a
      className="footer-link"
      href="https://github.com/hue2/Routines-Timer"
    >
      Github
    </a>
  </div>
</div>
`;
