// Jest Snapshot v1, https://goo.gl/fbAQLP

exports[`component matches snapshot 1`] = `
<div
  className="overlay open"
  id="myNav"
>
  <a
    className="closebtn"
    href="javascript:void(0)"
    onClick={[Function]}
  >
    ×
  </a>
  <div
    className="overlay-content"
  >
    <div
      className="option-div"
    >
      <div
        className="option-label"
      >
        Time: 
      </div>
      <div
        className="input-time"
      >
        <input
          className="hour tempHour"
          data-state="time"
          maxLength={3}
          onChange={[Function]}
          placeholder="hh"
          type="text"
          value=""
        />
        <input
          className="dot-separator"
          disabled={true}
          placeholder=":"
          type="text"
        />
        <input
          className="minute tempMinute"
          data-state="time"
          id="minute-input"
          maxLength={3}
          onChange={[Function]}
          placeholder="mm"
          type="text"
          value=""
        />
        <input
          className="dot-separator"
          disabled={true}
          placeholder=":"
          type="text"
        />
        <input
          className="second tempSecond"
          data-state="time"
          id="second-input"
          maxLength={3}
          onChange={[Function]}
          placeholder="ss"
          type="text"
          value=""
        />
      </div>
    </div>
    <div
      className="option-div"
    >
      <div
        className="option-label"
      >
        Breaks: 
      </div>
      <div
        className="input-time"
      >
        <input
          className="minuteBreak tempMinuteBreak"
          data-state="timeBreak"
          maxLength={3}
          onChange={[Function]}
          placeholder="mm"
          type="text"
          value=""
        />
        <input
          className="dot-separator"
          disabled={true}
          placeholder=":"
          type="text"
        />
        <input
          className="secondBreak tempSecondBreak"
          data-state="timeBreak"
          maxLength={3}
          onChange={[Function]}
          placeholder="ss"
          type="text"
          value=""
        />
      </div>
    </div>
    <div
      className="option-div"
    >
      <div
        className="option-label"
      >
        Repeats: 
      </div>
      <div
        className="input-time"
      >
        <input
          className="repeat tempRepeat"
          data-state="repeats"
          maxLength={3}
          onChange={[Function]}
          type="text"
          value=""
        />
      </div>
    </div>
  </div>
</div>
`;
